12-27 22:11:27.077   983  1000 I ActivityManager: Start proc 26005:com.android.todolist/u0a250 for activity com.android.todolist/.MainActivity
12-27 22:11:27.080   983  1046 I WindowManager: Relayout Window{da20bff u0 Splash Screen com.android.todolist}: oldVis=8 newVis=0 focusMayChange = true
12-27 22:11:27.174   983  1345 V WindowManager: Set focused app to: AppWindowToken{42b1b45 token=Token{e5ebfbc ActivityRecord{8b6dfaf u0 com.android.todolist/.MainActivity t4446}}} old focus=AppWindowToken{116d070 token=Token{cbeb2b3 ActivityRecord{f197822 u0 com.android.launcher3/com.android.searchlauncher.SearchLauncher t2}}} moveFocusNow=true
12-27 22:11:27.735   983  1345 I WindowManager: Relayout Window{d2f568c u0 com.android.todolist/com.android.todolist.MainActivity}: oldVis=4 newVis=0 focusMayChange = true
12-27 22:11:27.741   983  1345 V WindowManager: Changing focus from null to Window{d2f568c u0 com.android.todolist/com.android.todolist.MainActivity} Callers=com.android.server.wm.WindowManagerService.relayoutWindow:2134 com.android.server.wm.Session.relayout:244 android.view.IWindowSession$Stub.onTransact:309 com.android.server.wm.Session.onTransact:164 
12-27 22:11:27.741   983  1345 D WindowManager: Input focus has changed to Window{d2f568c u0 com.android.todolist/com.android.todolist.MainActivity}
12-27 22:11:27.742   983  1008 I WindowManager: Focus moving from null to Window{d2f568c u0 com.android.todolist/com.android.todolist.MainActivity}
12-27 22:12:27.311   983  9480 V WindowManager: Changing focus from Window{d2f568c u0 com.android.todolist/com.android.todolist.MainActivity} to null Callers=com.android.server.wm.AppWindowToken.setVisibility:464 com.android.server.wm.AppWindowContainerController.setVisibility:452 com.android.server.am.ActivityRecord.setVisibility:1634 com.android.server.am.ActivityRecord.setVisible:1642 
12-27 22:12:27.316   983  1008 I WindowManager: Focus moving from Window{d2f568c u0 com.android.todolist/com.android.todolist.MainActivity} to null
12-27 22:26:48.809   983  2255 V WindowManager: Set focused app to: AppWindowToken{42b1b45 token=Token{e5ebfbc ActivityRecord{8b6dfaf u0 com.android.todolist/.MainActivity t4446}}} old focus=AppWindowToken{42b1b45 token=Token{e5ebfbc ActivityRecord{8b6dfaf u0 com.android.todolist/.MainActivity t4446}}} moveFocusNow=true
12-27 22:26:48.897   983  1345 I WindowManager: Relayout Window{d2f568c u0 com.android.todolist/com.android.todolist.MainActivity}: oldVis=4 newVis=0 focusMayChange = true
12-27 22:26:48.944   983  2255 V WindowManager: Changing focus from Window{a7b66 u0 StatusBar} to Window{d2f568c u0 com.android.todolist/com.android.todolist.MainActivity} Callers=com.android.server.wm.WindowManagerService.relayoutWindow:2134 com.android.server.wm.Session.relayout:244 android.view.IWindowSession$Stub.onTransact:309 com.android.server.wm.Session.onTransact:164 
12-27 22:26:48.945   983  2255 D WindowManager: Input focus has changed to Window{d2f568c u0 com.android.todolist/com.android.todolist.MainActivity}
12-27 22:26:48.948   983  1008 I WindowManager: Focus moving from Window{a7b66 u0 StatusBar} to Window{d2f568c u0 com.android.todolist/com.android.todolist.MainActivity}
12-27 22:26:50.072   983  5518 V WindowManager: Changing focus from Window{d2f568c u0 com.android.todolist/com.android.todolist.MainActivity} to Window{a7b66 u0 StatusBar} Callers=com.android.server.wm.WindowManagerService.relayoutWindow:2134 com.android.server.wm.Session.relayout:244 android.view.IWindowSession$Stub.onTransact:309 com.android.server.wm.Session.onTransact:164 
12-27 22:26:50.074   983  1008 I WindowManager: Focus moving from Window{d2f568c u0 com.android.todolist/com.android.todolist.MainActivity} to Window{a7b66 u0 StatusBar}
12-27 22:28:09.253   983  5492 V WindowManager: Changing focus from Window{a7b66 u0 StatusBar} to Window{d2f568c u0 com.android.todolist/com.android.todolist.MainActivity} Callers=com.android.server.wm.WindowManagerService.relayoutWindow:2134 com.android.server.wm.Session.relayout:244 android.view.IWindowSession$Stub.onTransact:309 com.android.server.wm.Session.onTransact:164 
12-27 22:28:09.253   983  5492 D WindowManager: Input focus has changed to Window{d2f568c u0 com.android.todolist/com.android.todolist.MainActivity}
12-27 22:28:09.255   983  1008 I WindowManager: Focus moving from Window{a7b66 u0 StatusBar} to Window{d2f568c u0 com.android.todolist/com.android.todolist.MainActivity}
12-27 22:28:09.474   983  5492 V WindowManager: Changing focus from Window{d2f568c u0 com.android.todolist/com.android.todolist.MainActivity} to null Callers=com.android.server.wm.AppWindowToken.setVisibility:464 com.android.server.wm.AppWindowContainerController.setVisibility:452 com.android.server.am.ActivityRecord.setVisibility:1634 com.android.server.am.ActivityRecord.setVisible:1642 
12-27 22:28:09.479   983  1008 I WindowManager: Focus moving from Window{d2f568c u0 com.android.todolist/com.android.todolist.MainActivity} to null
12-27 22:31:18.524   983  9542 V WindowManager: Set focused app to: AppWindowToken{42b1b45 token=Token{e5ebfbc ActivityRecord{8b6dfaf u0 com.android.todolist/.MainActivity t4446}}} old focus=AppWindowToken{42b1b45 token=Token{e5ebfbc ActivityRecord{8b6dfaf u0 com.android.todolist/.MainActivity t4446}}} moveFocusNow=true
12-27 22:31:18.568   983  5404 I WindowManager: Relayout Window{d2f568c u0 com.android.todolist/com.android.todolist.MainActivity}: oldVis=4 newVis=0 focusMayChange = true
12-27 22:31:18.603   983  5492 V WindowManager: Changing focus from Window{a7b66 u0 StatusBar} to Window{d2f568c u0 com.android.todolist/com.android.todolist.MainActivity} Callers=com.android.server.wm.WindowManagerService.relayoutWindow:2134 com.android.server.wm.Session.relayout:244 android.view.IWindowSession$Stub.onTransact:309 com.android.server.wm.Session.onTransact:164 
12-27 22:31:18.603   983  5492 D WindowManager: Input focus has changed to Window{d2f568c u0 com.android.todolist/com.android.todolist.MainActivity}
12-27 22:31:18.607   983  1008 I WindowManager: Focus moving from Window{a7b66 u0 StatusBar} to Window{d2f568c u0 com.android.todolist/com.android.todolist.MainActivity}
12-27 22:31:19.401   983  5404 V WindowManager: Changing focus from Window{d2f568c u0 com.android.todolist/com.android.todolist.MainActivity} to Window{a7b66 u0 StatusBar} Callers=com.android.server.wm.WindowManagerService.relayoutWindow:2134 com.android.server.wm.Session.relayout:244 android.view.IWindowSession$Stub.onTransact:309 com.android.server.wm.Session.onTransact:164 
12-27 22:31:19.403   983  1008 I WindowManager: Focus moving from Window{d2f568c u0 com.android.todolist/com.android.todolist.MainActivity} to Window{a7b66 u0 StatusBar}
12-27 22:32:59.587   983  1491 V WindowManager: Changing focus from Window{a7b66 u0 StatusBar} to Window{d2f568c u0 com.android.todolist/com.android.todolist.MainActivity} Callers=com.android.server.wm.WindowManagerService.relayoutWindow:2134 com.android.server.wm.Session.relayout:244 android.view.IWindowSession$Stub.onTransact:309 com.android.server.wm.Session.onTransact:164 
12-27 22:32:59.587   983  1491 D WindowManager: Input focus has changed to Window{d2f568c u0 com.android.todolist/com.android.todolist.MainActivity}
12-27 22:32:59.590   983  1008 I WindowManager: Focus moving from Window{a7b66 u0 StatusBar} to Window{d2f568c u0 com.android.todolist/com.android.todolist.MainActivity}
12-27 22:32:59.822   983  1084 V WindowManager: Changing focus from Window{d2f568c u0 com.android.todolist/com.android.todolist.MainActivity} to null Callers=com.android.server.wm.AppWindowToken.setVisibility:464 com.android.server.wm.AppWindowContainerController.setVisibility:452 com.android.server.am.ActivityRecord.setVisibility:1634 com.android.server.am.ActivityRecord.setVisible:1642 
12-27 22:32:59.825   983  1008 I WindowManager: Focus moving from Window{d2f568c u0 com.android.todolist/com.android.todolist.MainActivity} to null
12-27 22:33:45.489   983  1345 V WindowManager: Set focused app to: AppWindowToken{42b1b45 token=Token{e5ebfbc ActivityRecord{8b6dfaf u0 com.android.todolist/.MainActivity t4446}}} old focus=AppWindowToken{42b1b45 token=Token{e5ebfbc ActivityRecord{8b6dfaf u0 com.android.todolist/.MainActivity t4446}}} moveFocusNow=true
12-27 22:33:45.535   983  2311 I WindowManager: Relayout Window{d2f568c u0 com.android.todolist/com.android.todolist.MainActivity}: oldVis=4 newVis=0 focusMayChange = true
12-27 22:33:45.568   983  1345 V WindowManager: Changing focus from Window{a7b66 u0 StatusBar} to Window{d2f568c u0 com.android.todolist/com.android.todolist.MainActivity} Callers=com.android.server.wm.WindowManagerService.relayoutWindow:2134 com.android.server.wm.Session.relayout:244 android.view.IWindowSession$Stub.onTransact:309 com.android.server.wm.Session.onTransact:164 
12-27 22:33:45.568   983  1345 D WindowManager: Input focus has changed to Window{d2f568c u0 com.android.todolist/com.android.todolist.MainActivity}
12-27 22:33:45.573   983  1008 I WindowManager: Focus moving from Window{a7b66 u0 StatusBar} to Window{d2f568c u0 com.android.todolist/com.android.todolist.MainActivity}
12-27 22:33:46.689   983  1058 V WindowManager: Set focused app to: AppWindowToken{116d070 token=Token{cbeb2b3 ActivityRecord{f197822 u0 com.android.launcher3/com.android.searchlauncher.SearchLauncher t2}}} old focus=AppWindowToken{42b1b45 token=Token{e5ebfbc ActivityRecord{8b6dfaf u0 com.android.todolist/.MainActivity t4446}}} moveFocusNow=true
12-27 22:33:46.690   983  1058 V WindowManager: Changing focus from Window{d2f568c u0 com.android.todolist/com.android.todolist.MainActivity} to null Callers=com.android.server.wm.WindowManagerService.setFocusedApp:2630 com.android.server.am.ActivityManagerService.setResumedActivityUncheckLocked:3640 com.android.server.am.ActivityStack.onActivityStateChanged:502 com.android.server.am.TaskRecord.onActivityStateChanged:1794 
12-27 22:33:46.694   983  1008 I WindowManager: Focus moving from Window{d2f568c u0 com.android.todolist/com.android.todolist.MainActivity} to null
12-27 22:33:48.077   983  6909 I ActivityManager: Killing 26005:com.android.todolist/u0a250 (adj 900): remove task
12-27 22:33:48.117   983  7338 I WindowManager: WIN DEATH: Window{d2f568c u0 com.android.todolist/com.android.todolist.MainActivity}
12-27 22:44:44.988   983  8221 I ActivityManager: START u0 {act=android.intent.action.MAIN cat=[android.intent.category.LAUNCHER] flg=0x10200000 cmp=com.android.todolist/.MainActivity bnds=[360,1024][526,1278]} from uid 1000
12-27 22:44:45.043   983  1000 I ActivityManager: Start proc 4730:com.android.todolist/u0a250 for activity com.android.todolist/.MainActivity
12-27 22:44:45.129   983  8221 V WindowManager: Set focused app to: AppWindowToken{dfed208 token=Token{495dbab ActivityRecord{4d049fa u0 com.android.todolist/.MainActivity t4451}}} old focus=AppWindowToken{116d070 token=Token{cbeb2b3 ActivityRecord{f197822 u0 com.android.launcher3/com.android.searchlauncher.SearchLauncher t2}}} moveFocusNow=true
12-27 22:44:45.569   983  5383 I WindowManager: Relayout Window{1188d13 u0 com.android.todolist/com.android.todolist.MainActivity}: oldVis=4 newVis=0 focusMayChange = true
12-27 22:44:45.573   983  5383 V WindowManager: Changing focus from null to Window{1188d13 u0 com.android.todolist/com.android.todolist.MainActivity} Callers=com.android.server.wm.WindowManagerService.relayoutWindow:2134 com.android.server.wm.Session.relayout:244 android.view.IWindowSession$Stub.onTransact:309 com.android.server.wm.Session.onTransact:164 
12-27 22:44:45.573   983  5383 D WindowManager: Input focus has changed to Window{1188d13 u0 com.android.todolist/com.android.todolist.MainActivity}
12-27 22:44:45.574   983  1008 I WindowManager: Focus moving from null to Window{1188d13 u0 com.android.todolist/com.android.todolist.MainActivity}
12-27 22:44:49.509   983  6909 V WindowManager: Changing focus from Window{1188d13 u0 com.android.todolist/com.android.todolist.MainActivity} to Window{f57a26e u0 com.android.todolist/com.android.todolist.MainActivity} Callers=com.android.server.wm.WindowManagerService.addWindow:1511 com.android.server.wm.Session.addToDisplay:205 android.view.IWindowSession$Stub.onTransact:129 com.android.server.wm.Session.onTransact:164 
12-27 22:44:49.510   983  6909 D WindowManager: Input focus has changed to Window{f57a26e u0 com.android.todolist/com.android.todolist.MainActivity}
12-27 22:44:49.511   983  1008 I WindowManager: Focus moving from Window{1188d13 u0 com.android.todolist/com.android.todolist.MainActivity} to Window{f57a26e u0 com.android.todolist/com.android.todolist.MainActivity}
12-27 22:44:49.723   983  1008 I WindowManager: Losing delayed focus: Window{1188d13 u0 com.android.todolist/com.android.todolist.MainActivity}
12-27 22:44:55.802   983  1711 V WindowManager: Remove Window{f57a26e u0 com.android.todolist/com.android.todolist.MainActivity} client=1a3b5e9, surfaceController=Surface(name=com.android.todolist/com.android.todolist.MainActivity)/@0xd0217f9 Callers=com.android.server.wm.WindowState.removeIfPossible:1966 com.android.server.wm.WindowManagerService.removeWindow:1671 com.android.server.wm.Session.remove:226 android.view.IWindowSession$Stub.onTransact:261 com.android.server.wm.Session.onTransact:164 
12-27 22:44:55.808   983  1711 V WindowManager: Changing focus from Window{f57a26e u0 com.android.todolist/com.android.todolist.MainActivity EXITING} to Window{1188d13 u0 com.android.todolist/com.android.todolist.MainActivity} Callers=com.android.server.wm.WindowState.setupWindowForRemoveOnExit:2105 com.android.server.wm.WindowState.removeIfPossible:2076 com.android.server.wm.WindowState.removeIfPossible:1966 com.android.server.wm.WindowManagerService.removeWindow:1671 
12-27 22:44:55.809   983  1711 D WindowManager: Input focus has changed to Window{1188d13 u0 com.android.todolist/com.android.todolist.MainActivity}
12-27 22:44:55.819   983  1008 I WindowManager: Focus moving from Window{f57a26e u0 com.android.todolist/com.android.todolist.MainActivity EXITING} to Window{1188d13 u0 com.android.todolist/com.android.todolist.MainActivity}
12-27 22:45:02.672   983  1711 I ActivityManager: START u0 {cmp=com.android.todolist/.ListActivity (has extras)} from uid 10250
12-27 22:45:02.696   983  1711 V WindowManager: Set focused app to: AppWindowToken{27e6f7f token=Token{d7a389e ActivityRecord{dd706d9 u0 com.android.todolist/.ListActivity t4451}}} old focus=AppWindowToken{dfed208 token=Token{495dbab ActivityRecord{4d049fa u0 com.android.todolist/.MainActivity t4451}}} moveFocusNow=true
12-27 22:45:02.697   983  1711 V WindowManager: Changing focus from Window{1188d13 u0 com.android.todolist/com.android.todolist.MainActivity} to null Callers=com.android.server.wm.WindowManagerService.setFocusedApp:2630 com.android.server.am.ActivityManagerService.setResumedActivityUncheckLocked:3640 com.android.server.am.ActivityStack.onActivityStateChanged:502 com.android.server.am.TaskRecord.onActivityStateChanged:1794 
12-27 22:45:02.698   983  1008 I WindowManager: Focus moving from Window{1188d13 u0 com.android.todolist/com.android.todolist.MainActivity} to null
12-27 22:45:02.924   983  5404 I WindowManager: Relayout Window{905e038 u0 com.android.todolist/com.android.todolist.ListActivity}: oldVis=4 newVis=0 focusMayChange = true
12-27 22:45:02.928   983  5404 V WindowManager: Changing focus from null to Window{905e038 u0 com.android.todolist/com.android.todolist.ListActivity} Callers=com.android.server.wm.WindowManagerService.relayoutWindow:2134 com.android.server.wm.Session.relayout:244 android.view.IWindowSession$Stub.onTransact:309 com.android.server.wm.Session.onTransact:164 
12-27 22:45:02.928   983  5404 D WindowManager: Input focus has changed to Window{905e038 u0 com.android.todolist/com.android.todolist.ListActivity}
12-27 22:45:02.929   983  1008 I WindowManager: Focus moving from null to Window{905e038 u0 com.android.todolist/com.android.todolist.ListActivity}
12-27 22:45:04.690   983  5404 W NotificationService: Toast already killed. pkg=com.android.todolist callback=android.app.ITransientNotification$Stub$Proxy@bd5af29
12-27 22:45:13.855   983  3810 I ActivityManager: START u0 {cmp=com.android.todolist/.MainActivity} from uid 10250
12-27 22:45:13.892   983  1711 V WindowManager: Set focused app to: AppWindowToken{4911772 token=Token{79d8c7d ActivityRecord{9ebd2d4 u0 com.android.todolist/.MainActivity t4451}}} old focus=AppWindowToken{27e6f7f token=Token{d7a389e ActivityRecord{dd706d9 u0 com.android.todolist/.ListActivity t4451}}} moveFocusNow=true
12-27 22:45:13.893   983  1711 V WindowManager: Changing focus from Window{905e038 u0 com.android.todolist/com.android.todolist.ListActivity} to null Callers=com.android.server.wm.WindowManagerService.setFocusedApp:2630 com.android.server.am.ActivityManagerService.setResumedActivityUncheckLocked:3640 com.android.server.am.ActivityStack.onActivityStateChanged:502 com.android.server.am.TaskRecord.onActivityStateChanged:1794 
12-27 22:45:13.894   983  1008 I WindowManager: Focus moving from Window{905e038 u0 com.android.todolist/com.android.todolist.ListActivity} to null
12-27 22:45:14.166   983  1711 I WindowManager: Relayout Window{fe32ce9 u0 com.android.todolist/com.android.todolist.MainActivity}: oldVis=4 newVis=0 focusMayChange = true
12-27 22:45:14.170   983  1711 V WindowManager: Changing focus from null to Window{fe32ce9 u0 com.android.todolist/com.android.todolist.MainActivity} Callers=com.android.server.wm.WindowManagerService.relayoutWindow:2134 com.android.server.wm.Session.relayout:244 android.view.IWindowSession$Stub.onTransact:309 com.android.server.wm.Session.onTransact:164 
12-27 22:45:14.171   983  1711 D WindowManager: Input focus has changed to Window{fe32ce9 u0 com.android.todolist/com.android.todolist.MainActivity}
12-27 22:45:14.171   983  1008 I WindowManager: Focus moving from null to Window{fe32ce9 u0 com.android.todolist/com.android.todolist.MainActivity}
12-27 22:45:14.341   983  1008 I ActivityManager: Displayed com.android.todolist/.MainActivity: +445ms
12-27 22:45:14.584   408   625 I BufferQueueProducer: [com.android.todolist/com.android.todolist.ListActivity#0](this:0x7645dda000,id:51428,api:1,p:4730,c:408) disconnect(P): api 1
12-27 22:45:14.584   408   625 D BufferQueueConsumer: [com.android.todolist/com.android.todolist.ListActivity#0](this:0x7645dda000,id:51428,api:1,p:-1,c:408) getReleasedBuffers: returning mask 0xffffffffffffffff
12-27 22:45:14.625   408   408 I BufferQueueConsumer: [com.android.todolist/com.android.todolist.ListActivity#0](this:0x7645dda000,id:51428,api:1,p:-1,c:-1) disconnect(C)
12-27 22:45:14.625   408   408 I BufferQueue: [com.android.todolist/com.android.todolist.ListActivity#0](this:0x7645dda000,id:51428,api:1,p:-1,c:-1) ~BufferQueueCore
12-27 22:45:15.381   983  4655 V WindowManager: Changing focus from Window{fe32ce9 u0 com.android.todolist/com.android.todolist.MainActivity} to Window{a7b66 u0 StatusBar} Callers=com.android.server.wm.WindowManagerService.relayoutWindow:2134 com.android.server.wm.Session.relayout:244 android.view.IWindowSession$Stub.onTransact:309 com.android.server.wm.Session.onTransact:164 
12-27 22:45:15.382   983  1008 I WindowManager: Focus moving from Window{fe32ce9 u0 com.android.todolist/com.android.todolist.MainActivity} to Window{a7b66 u0 StatusBar}
12-27 22:45:15.399   408  1667 I BufferQueueProducer: [com.android.todolist/com.android.todolist.MainActivity#0](this:0x7646a48800,id:51430,api:1,p:4730,c:408) queueBuffer: fps=4.65 dur=1075.37 max=950.76 min=12.63
12-27 22:45:19.459   983  3810 V WindowManager: Changing focus from Window{a7b66 u0 StatusBar} to Window{fe32ce9 u0 com.android.todolist/com.android.todolist.MainActivity} Callers=com.android.server.wm.WindowManagerService.relayoutWindow:2134 com.android.server.wm.Session.relayout:244 android.view.IWindowSession$Stub.onTransact:309 com.android.server.wm.Session.onTransact:164 
12-27 22:45:19.459   983  3810 D WindowManager: Input focus has changed to Window{fe32ce9 u0 com.android.todolist/com.android.todolist.MainActivity}
12-27 22:45:19.461   983  1008 I WindowManager: Focus moving from Window{a7b66 u0 StatusBar} to Window{fe32ce9 u0 com.android.todolist/com.android.todolist.MainActivity}
12-27 22:45:19.487   408  1667 I BufferQueueProducer: [com.android.todolist/com.android.todolist.MainActivity#0](this:0x7646a48800,id:51430,api:1,p:4730,c:408) 